<html>
<body>
<pre>
<h1>µVision Build Log</h1>
<h2>Project:</h2>
\\Mac\Google Drive\UT\17 - FALL\EE445L\Labs_git\EE-445L-Labs\Labs\Lab_2\Lab_2-ks38728_tk8435_NEW\ADCSWTrigger.uvproj
Project File Date:  09/12/2017

<h2>Output:</h2>
Rebuild target 'ADCSWTrigger'
assembling startup.s...
compiling ADCSWTrigger.c...
compiling ADCTestMain.c...
compiling PLL.c...
compiling Timer1.c...
linking...
Program Size: Code=1928 RO-data=32 RW-data=12 ZI-data=9124  
".\ADCSWTrigger.axf" - 0 Error(s), 0 Warning(s).
Load "\\\\Mac\\Google Drive\\UT\\17 - FALL\\EE445L\\Labs_git\\EE-445L-Labs\\Labs\\Lab_2\\Lab_2-ks38728_tk8435_NEW\\ADCSWTrigger.axf" 
Connecting: Mode=JTAG, Speed=1000000Hz
Erase Done.
Programming Done.
Verify OK.
</pre>
</body>
</html>
rget DLL has been cancelled
Load "\\\\Mac\\Google Drive\\UT\\17 - FALL\\EE445L\\Labs_git\\EE-445L-Labs\\Labs\\Lab_2\\Lab_2-ks38728_tk8435_NEW\\ADCSWTrigger.axf" 
Connecting: Mode=JTAG, Speed=1000000Hz
Connection failed!, error code=&d
Error: Flash Download failed  -  Target DLL has been cancelled
Load "\\\\Mac\\Google Drive\\UT\\17 - FALL\\EE445L\\Labs_git\\EE-445L-Labs\\Labs\\Lab_2\\Lab_2-ks38728_tk8435_NEW\\ADCSWTrigger.axf" 
Connecting: Mode=JTAG, Speed=1000000Hz
Erase Done.
Programming Done.
Verify OK.
