<html>
<body>
<pre>
<h1>µVision Build Log</h1>
<h2>Project:</h2>
\\Mac\Google Drive\UT\17 - FALL\EE445L\Labs_local\Lab_3-DEBOUNCE_FIXED_MAYBE\Lab3_Clock.uvproj
Project File Date:  09/29/2017

<h2>Output:</h2>
Rebuild target 'ADCSWTrigger'
assembling startup.s...
compiling ADCSWTrigger.c...
compiling PLL.c...
compiling ST7735.c...
compiling main.c...
compiling Title.c...
compiling LCD.c...
LCD.c(1426): warning:  #186-D: pointless comparison of unsigned integer with zero
        if (hour >= 0 && hour <=11){
LCD.c: 1 warning, 0 errors
compiling Speaker.c...
compiling Timer.c...
compiling Switches.c...
linking...
Program Size: Code=13792 RO-data=39208 RW-data=196 ZI-data=1036  
".\ADCSWTrigger.axf" - 0 Error(s), 1 Warning(s).
Load "\\\\Mac\\Google Drive\\UT\\17 - FALL\\EE445L\\Labs_local\\Lab_3-DEBOUNCE_FIXED_MAYBE\\ADCSWTrigger.axf" 
Connecting: Mode=JTAG, Speed=1000000Hz
Erase Done.
Programming Done.
Verify OK.
</pre>
</body>
</html>
