


ARM Macro Assembler    Page 1 


    1 00000000         ;Version 3 assembly floating point
    2 00000000         ; run with floating-point hardware active
    3 00000000         
    4 00000000                 AREA             DATA, ALIGN=2
    5 00000000 00 00 00 
              00       T       SPACE            4
    6 00000004 00 00 00 
              00       N       SPACE            4
    7 00000008                 AREA             |.text|, CODE, READONLY, ALIGN=
2
    8 00000000                 THUMB
    9 00000000                 REQUIRE8
   10 00000000                 PRESERVE8
   11 00000000         
   12 00000000                 EXPORT           Test3
   13 00000000                 EXPORT           Test4
   14 00000000         
   15 00000000         
   16 00000000         Test3
   17 00000000 F04F 0000       MOV              R0,#0
   18 00000004 490B            LDR              R1,=N       ;pointer to N
   19 00000006 4A0C            LDR              R2,=T       ;pointer to T
   20 00000008 EDDF 0A0C       VLDR.F32         S1,=0.009768
   21 0000000C EEB2 1A04       VLDR.F32         S2,=10
   22 00000010 6008    loop3   STR              R0,[R1]     ; N is volatile
   23 00000012 EE00 0A10       VMOV.F32         S0,R0
   24 00000016 EEB8 0A40       VCVT.F32.U32     S0,S0       ; S0 has N
   25 0000001A EE20 0A20       VMUL.F32         S0,S0,S1    ; N*0.09768
   26 0000001E EE30 0A01       VADD.F32         S0,S0,S2    ; 10+N*0.0968
   27 00000022 ED82 0A00       VSTR.F32         S0,[R2]     ; T=10+N*0.0968
   28 00000026 F100 0001       ADD              R0,R0,#1
   29 0000002A F5B0 5F80       CMP              R0,#4096
   30 0000002E D1EF            BNE              loop3
   31 00000030 4770            BX               LR
   32 00000032         
   33 00000032         
   34 00000032         ;version 4, assembly fixed point
   35 00000032 00 00 00000000 
              00000000 
              3C2009F6         AREA             DATA, ALIGN=2
   36 00000008 00 00 00 
              00       R       SPACE            4
   37 0000000C 00 00 00 
              00       M       SPACE            4
   38 00000010                 AREA             |.text|, CODE, READONLY, ALIGN=
2
   39 00000040                 THUMB
   40 00000040         
   41 00000040         Test4
   42 00000040 B570            PUSH             {R4,R5,R6,LR}
   43 00000042 F04F 0000       MOV              R0,#0
   44 00000046 490B            LDR              R1,=R       ;pointer to R
   45 00000048 4A0B            LDR              R2,=M       ;pointer to M
   46 0000004A F04F 037D       MOV              R3,#125
   47 0000004E F04F 0440       MOV              R4,#64
   48 00000052 F44F 757A       MOV              R5,#1000
   49 00000056 6008    loop4   STR              R0,[R1]     ; N is volatile
   50 00000058 FB00 F603       MUL              R6,R0,R3    ; N*125
   51 0000005C 4426            ADD              R6,R6,R4    ; N*125+64



ARM Macro Assembler    Page 2 


   52 0000005E EA4F 16D6       LSR              R6,R6,#7    ; (N*125+64)/128
   53 00000062 442E            ADD              R6,R6,R5    ; 1000+(N*125+64)/1
                                                            28
   54 00000064 6016            STR              R6,[R2]     ; T = 1000+(N*125+6
                                                            4)/128
   55 00000066 F100 0001       ADD              R0,R0,#1
   56 0000006A F5B0 5F80       CMP              R0,#4096
   57 0000006E D1F2            BNE              loop4
   58 00000070 BD70            POP              {R4,R5,R6,PC}
   59 00000072         
   60 00000072 00 00           ALIGN
   61 00000074                 END
              00000000 
              00000000 
Command Line: --debug --xref --cpu=Cortex-M4.fp --apcs=interwork --depend=.\flo
atasm.d -o.\floatasm.o -IC:\Keil\ARM\RV31\INC -IC:\Keil\ARM\CMSIS\Include -IC:\
Keil\ARM\Inc\TI\TM4C123 --predefine="__EVAL SETA 1" --list=.\floatasm.lst float
asm.s



ARM Macro Assembler    Page 1 Alphabetic symbol ordering
Relocatable symbols

DATA 00000000

Symbol: DATA
   Definitions
      At line 4 in file floatasm.s
   Uses
      None
Comment: DATA unused
M 0000000C

Symbol: M
   Definitions
      At line 37 in file floatasm.s
   Uses
      At line 45 in file floatasm.s
Comment: M used once
N 00000004

Symbol: N
   Definitions
      At line 6 in file floatasm.s
   Uses
      At line 18 in file floatasm.s
Comment: N used once
R 00000008

Symbol: R
   Definitions
      At line 36 in file floatasm.s
   Uses
      At line 44 in file floatasm.s
Comment: R used once
T 00000000

Symbol: T
   Definitions
      At line 5 in file floatasm.s
   Uses
      At line 19 in file floatasm.s
Comment: T used once
5 symbols



ARM Macro Assembler    Page 1 Alphabetic symbol ordering
Relocatable symbols

.text 00000000

Symbol: .text
   Definitions
      At line 7 in file floatasm.s
   Uses
      None
Comment: .text unused
Test3 00000000

Symbol: Test3
   Definitions
      At line 16 in file floatasm.s
   Uses
      At line 12 in file floatasm.s
Comment: Test3 used once
Test4 00000040

Symbol: Test4
   Definitions
      At line 41 in file floatasm.s
   Uses
      At line 13 in file floatasm.s
Comment: Test4 used once
loop3 00000010

Symbol: loop3
   Definitions
      At line 22 in file floatasm.s
   Uses
      At line 30 in file floatasm.s
Comment: loop3 used once
loop4 00000056

Symbol: loop4
   Definitions
      At line 49 in file floatasm.s
   Uses
      At line 57 in file floatasm.s
Comment: loop4 used once
5 symbols
346 symbols in table
