<html>
<body>
<pre>
<h1>µVision Build Log</h1>
<h2>Project:</h2>
\\Mac\Google Drive\UT\17 - FALL\EE445L\Labs\Lab1\Lab1_ExtraCredit\Timer1A.uvproj
Project File Date:  09/07/2017

<h2>Output:</h2>
Rebuild target 'Timer1A'
assembling startup.s...
compiling PLL.c...
compiling main.c...
compiling Timer1.c...
assembling floatasm.s...
floatasm.s(35): warning: A1581W: Added 2 bytes of padding at address 0x32
compiling float.c...
linking...
Program Size: Code=3244 RO-data=32 RW-data=36 ZI-data=1124  
".\Timer1A.axf" - 0 Error(s), 1 Warning(s).
</pre>
</body>
</html>
ed
        elapsedTime3 = (startTime3 - TIMER1_TAV_R);
main.c(90): error:  #20: identifier "startTime4" is undefined
        elapsedTime4 = (startTime4 - TIMER1_TAV_R);
main.c: 0 warnings, 4 errors
compiling Timer1.c...
assembling floatasm.s...
floatasm.s(35): warning: A1581W: Added 2 bytes of padding at address 0x32
compiling float.c...
".\Timer1A.axf" - 4 Error(s), 1 Warning(s).
Target not created
