<html>
<body>
<pre>
<h1>µVision Build Log</h1>
<h2>Project:</h2>
C:\Users\Tarang Khandpur\Documents\UT Fall 2017\EE 445L\Labs\Lab_2\Lab_2-ks38728_tk8435_PMF - WithCases\ADCSWTrigger.uvproj
Project File Date:  09/17/2017

<h2>Output:</h2>
Rebuild target 'ADCSWTrigger'
assembling startup.s...
compiling ADCSWTrigger.c...
compiling PLL.c...
compiling ST7735.c...
compiling Timer1.c...
compiling main.c...
compiling Timer2.c...
compiling Title.c...
linking...
Program Size: Code=10704 RO-data=15144 RW-data=108 ZI-data=25420  
".\ADCSWTrigger.axf" - 0 Error(s), 0 Warning(s).
Load "C:\\Users\\Tarang Khandpur\\Documents\\UT Fall 2017\\EE 445L\\Labs\\Lab_2\\Lab_2-ks38728_tk8435_PMF - WithCases\\ADCSWTrigger.axf" 
Connecting: Mode=JTAG, Speed=1000000Hz
Erase Done.
Programming Done.
Verify OK.
ash Download failed  -  Target DLL has been cancelled
WTrigger.axf" - 2 Error(s), 2 Warning(s).
Target not created
