<html>
<body>
<pre>
<h1>µVision Build Log</h1>
<h2>Project:</h2>
C:\Users\Tarang\Documents\EE 445L\EE-445L-Labs\Labs\Lab_2\Lab_2-ks38728_tk8435_PMF\ADCSWTrigger.uvproj
Project File Date:  09/14/2017

<h2>Output:</h2>
Rebuild target 'ADCSWTrigger'
assembling startup.s...
compiling ADCSWTrigger.c...
compiling PLL.c...
compiling ST7735.c...
compiling Timer1.c...
compiling main.c...
linking...
Program Size: Code=3744 RO-data=2052 RW-data=72 ZI-data=25408  
".\ADCSWTrigger.axf" - 0 Error(s), 0 Warning(s).
Load "C:\\Users\\Tarang\\Documents\\EE 445L\\EE-445L-Labs\\Labs\\Lab_2\\Lab_2-ks38728_tk8435_PMF\\ADCSWTrigger.axf" 
Connecting: Mode=JTAG, Speed=1000000Hz
Erase Done.
Programming Done.
Verify OK.
