<html>
<body>
<pre>
<h1>µVision Build Log</h1>
<h2>Project:</h2>
\\Mac\Google Drive\UT\17 - FALL\EE445L\Labs_git\EE-445L-Labs\Labs\Lab_2\Lab_2-ks38728_tk8435_PMF\ADCSWTrigger.uvproj
Project File Date:  09/14/2017

<h2>Output:</h2>
Rebuild target 'ADCSWTrigger'
assembling startup.s...
compiling ADCSWTrigger.c...
compiling PLL.c...
compiling ST7735.c...
compiling Timer1.c...
compiling main.c...
compiling Timer2.c...
linking...
Program Size: Code=4876 RO-data=2052 RW-data=84 ZI-data=25420  
".\ADCSWTrigger.axf" - 0 Error(s), 0 Warning(s).
Load "\\\\Mac\\Google Drive\\UT\\17 - FALL\\EE445L\\Labs_git\\EE-445L-Labs\\Labs\\Lab_2\\Lab_2-ks38728_tk8435_PMF\\ADCSWTrigger.axf" 
Connecting: Mode=JTAG, Speed=1000000Hz
Erase Done.
Programming Done.
Verify OK.
Load "\\\\Mac\\Google Drive\\UT\\17 - FALL\\EE445L\\Labs_git\\EE-445L-Labs\\Labs\\Lab_2\\Lab_2-ks38728_tk8435_PMF\\ADCSWTrigger.axf" 
Connecting: Mode=JTAG, Speed=1000000Hz
Erase Done.
Programming Done.
Verify OK.
\Mac\Google Drive\UT\17 - FALL\EE445L\Labs_git\EE-445L-Labs\Labs\Lab_2\Lab_2-ks38728_tk8435_PMF\ADCSWTrigger.axf'
Load "\\\\Mac\\Google Drive\\UT\\17 - FALL\\EE445L\\Labs_git\\EE-445L-Labs\\Labs\\Lab_2\\Lab_2-ks38728_tk8435_PMF\\ADCSWTrigger.axf" 
_____^
*** error 56: cannot open file
Error: Flash Download failed  -  Could not load file '\\Mac\Google Drive\UT\17 - FALL\EE445L\Labs_git\EE-445L-Labs\Labs\Lab_2\Lab_2-ks38728_tk8435_PMF\ADCSWTrigger.axf'
Load "\\\\Mac\\Google Drive\\UT\\17 - FALL\\EE445L\\Labs_git\\EE-445L-Labs\\Labs\\Lab_2\\Lab_2-ks38728_tk8435_PMF\\ADCSWTrigger.axf" 
_____^
*** error 56: cannot open file
Error: Flash Download failed  -  Could not load file '\\Mac\Google Drive\UT\17 - FALL\EE445L\Labs_git\EE-445L-Labs\Labs\Lab_2\Lab_2-ks38728_tk8435_PMF\ADCSWTrigger.axf'
Load "\\\\Mac\\Google Drive\\UT\\17 - FALL\\EE445L\\Labs_git\\EE-445L-Labs\\Labs\\Lab_2\\Lab_2-ks38728_tk8435_PMF\\ADCSWTrigger.axf" 
_____^
*** error 56: cannot open file
Error: Flash Download failed  -  Could not load file '\\Mac\Google Drive\UT\17 - FALL\EE445L\Labs_git\EE-445L-Labs\Labs\Lab_2\Lab_2-ks38728_tk8435_PMF\ADCSWTrigger.axf'
