ARM Linker, 5.03 [Build 76] [MDK-ARM Lite]

==============================================================================

Section Cross References

    startup.o(RESET) refers to startup.o(STACK) for StackMem
    startup.o(RESET) refers to main.o(i.Timer0A_Handler) for Timer0A_Handler
    startup.o(RESET) refers to timer1.o(i.Timer1A_Handler) for Timer1A_Handler
    startup.o(RESET) refers to entry.o(.ARM.Collect$$$$00000000) for __main
    st7735.o(i.Output_Clear) refers to st7735.o(i.ST7735_FillScreen) for ST7735_FillScreen
    st7735.o(i.Output_Color) refers to st7735.o(i.ST7735_SetTextColor) for ST7735_SetTextColor
    st7735.o(i.Output_Init) refers to st7735.o(i.ST7735_InitR) for ST7735_InitR
    st7735.o(i.Output_Init) refers to st7735.o(i.ST7735_FillScreen) for ST7735_FillScreen
    st7735.o(i.Output_Off) refers to st7735.o(i.Output_Clear) for Output_Clear
    st7735.o(i.Output_On) refers to st7735.o(i.Output_Init) for Output_Init
    st7735.o(i.ST7735_DrawBitmap) refers to st7735.o(i.setAddrWindow) for setAddrWindow
    st7735.o(i.ST7735_DrawBitmap) refers to st7735.o(i.writedata) for writedata
    st7735.o(i.ST7735_DrawBitmap) refers to st7735.o(.data) for _width
    st7735.o(i.ST7735_DrawChar) refers to st7735.o(i.setAddrWindow) for setAddrWindow
    st7735.o(i.ST7735_DrawChar) refers to st7735.o(i.pushColor) for pushColor
    st7735.o(i.ST7735_DrawChar) refers to st7735.o(.data) for _width
    st7735.o(i.ST7735_DrawChar) refers to st7735.o(.constdata) for Font
    st7735.o(i.ST7735_DrawCharS) refers to st7735.o(i.ST7735_DrawPixel) for ST7735_DrawPixel
    st7735.o(i.ST7735_DrawCharS) refers to st7735.o(i.ST7735_FillRect) for ST7735_FillRect
    st7735.o(i.ST7735_DrawCharS) refers to st7735.o(.data) for _width
    st7735.o(i.ST7735_DrawCharS) refers to st7735.o(.constdata) for Font
    st7735.o(i.ST7735_DrawFastHLine) refers to st7735.o(i.setAddrWindow) for setAddrWindow
    st7735.o(i.ST7735_DrawFastHLine) refers to st7735.o(i.writedata) for writedata
    st7735.o(i.ST7735_DrawFastHLine) refers to st7735.o(.data) for _width
    st7735.o(i.ST7735_DrawFastVLine) refers to st7735.o(i.setAddrWindow) for setAddrWindow
    st7735.o(i.ST7735_DrawFastVLine) refers to st7735.o(i.writedata) for writedata
    st7735.o(i.ST7735_DrawFastVLine) refers to st7735.o(.data) for _width
    st7735.o(i.ST7735_DrawPixel) refers to st7735.o(i.setAddrWindow) for setAddrWindow
    st7735.o(i.ST7735_DrawPixel) refers to st7735.o(i.pushColor) for pushColor
    st7735.o(i.ST7735_DrawPixel) refers to st7735.o(.data) for _width
    st7735.o(i.ST7735_DrawString) refers to st7735.o(i.ST7735_DrawCharS) for ST7735_DrawCharS
    st7735.o(i.ST7735_FillRect) refers to st7735.o(i.setAddrWindow) for setAddrWindow
    st7735.o(i.ST7735_FillRect) refers to st7735.o(i.writedata) for writedata
    st7735.o(i.ST7735_FillRect) refers to st7735.o(.data) for _width
    st7735.o(i.ST7735_FillScreen) refers to st7735.o(i.ST7735_FillRect) for ST7735_FillRect
    st7735.o(i.ST7735_FillScreen) refers to st7735.o(.data) for _height
    st7735.o(i.ST7735_InitB) refers to st7735.o(i.commonInit) for commonInit
    st7735.o(i.ST7735_InitB) refers to st7735.o(i.ST7735_SetCursor) for ST7735_SetCursor
    st7735.o(i.ST7735_InitB) refers to st7735.o(i.ST7735_FillScreen) for ST7735_FillScreen
    st7735.o(i.ST7735_InitB) refers to st7735.o(.constdata) for Bcmd
    st7735.o(i.ST7735_InitB) refers to st7735.o(.data) for StTextColor
    st7735.o(i.ST7735_InitR) refers to st7735.o(i.commonInit) for commonInit
    st7735.o(i.ST7735_InitR) refers to st7735.o(i.commandList) for commandList
    st7735.o(i.ST7735_InitR) refers to st7735.o(i.writecommand) for writecommand
    st7735.o(i.ST7735_InitR) refers to st7735.o(i.writedata) for writedata
    st7735.o(i.ST7735_InitR) refers to st7735.o(i.ST7735_SetCursor) for ST7735_SetCursor
    st7735.o(i.ST7735_InitR) refers to st7735.o(i.ST7735_FillScreen) for ST7735_FillScreen
    st7735.o(i.ST7735_InitR) refers to st7735.o(.constdata) for Rcmd1
    st7735.o(i.ST7735_InitR) refers to st7735.o(.data) for ColStart
    st7735.o(i.ST7735_InvertDisplay) refers to st7735.o(i.writecommand) for writecommand
    st7735.o(i.ST7735_OutChar) refers to st7735.o(i.ST7735_DrawString) for ST7735_DrawString
    st7735.o(i.ST7735_OutChar) refers to st7735.o(i.ST7735_DrawCharS) for ST7735_DrawCharS
    st7735.o(i.ST7735_OutChar) refers to st7735.o(.data) for StY
    st7735.o(i.ST7735_OutString) refers to st7735.o(i.ST7735_OutChar) for ST7735_OutChar
    st7735.o(i.ST7735_OutUDec) refers to st7735.o(i.fillmessage) for fillmessage
    st7735.o(i.ST7735_OutUDec) refers to st7735.o(i.ST7735_DrawString) for ST7735_DrawString
    st7735.o(i.ST7735_OutUDec) refers to st7735.o(i.ST7735_DrawCharS) for ST7735_DrawCharS
    st7735.o(i.ST7735_OutUDec) refers to st7735.o(.data) for Messageindex
    st7735.o(i.ST7735_OutUDec) refers to st7735.o(.bss) for Message
    st7735.o(i.ST7735_PlotBar) refers to st7735.o(i.ST7735_DrawFastVLine) for ST7735_DrawFastVLine
    st7735.o(i.ST7735_PlotBar) refers to st7735.o(.data) for Ymin
    st7735.o(i.ST7735_PlotClear) refers to st7735.o(i.ST7735_Color565) for ST7735_Color565
    st7735.o(i.ST7735_PlotClear) refers to st7735.o(i.ST7735_FillRect) for ST7735_FillRect
    st7735.o(i.ST7735_PlotClear) refers to st7735.o(.data) for Ymax
    st7735.o(i.ST7735_PlotLine) refers to st7735.o(i.ST7735_DrawPixel) for ST7735_DrawPixel
    st7735.o(i.ST7735_PlotLine) refers to st7735.o(.data) for Ymin
    st7735.o(i.ST7735_PlotNext) refers to st7735.o(.data) for X
    st7735.o(i.ST7735_PlotNextErase) refers to st7735.o(i.ST7735_Color565) for ST7735_Color565
    st7735.o(i.ST7735_PlotNextErase) refers to st7735.o(i.ST7735_DrawFastVLine) for ST7735_DrawFastVLine
    st7735.o(i.ST7735_PlotNextErase) refers to st7735.o(.data) for X
    st7735.o(i.ST7735_PlotPoint) refers to st7735.o(i.ST7735_DrawPixel) for ST7735_DrawPixel
    st7735.o(i.ST7735_PlotPoint) refers to st7735.o(.data) for Ymin
    st7735.o(i.ST7735_PlotPoints) refers to st7735.o(i.ST7735_DrawPixel) for ST7735_DrawPixel
    st7735.o(i.ST7735_PlotPoints) refers to st7735.o(.data) for Ymin
    st7735.o(i.ST7735_PlotdBfs) refers to st7735.o(i.ST7735_DrawFastVLine) for ST7735_DrawFastVLine
    st7735.o(i.ST7735_PlotdBfs) refers to st7735.o(.constdata) for dBfs
    st7735.o(i.ST7735_PlotdBfs) refers to st7735.o(.data) for X
    st7735.o(i.ST7735_SetCursor) refers to st7735.o(.data) for StX
    st7735.o(i.ST7735_SetRotation) refers to st7735.o(i.writecommand) for writecommand
    st7735.o(i.ST7735_SetRotation) refers to st7735.o(i.writedata) for writedata
    st7735.o(i.ST7735_SetRotation) refers to st7735.o(.data) for Rotation
    st7735.o(i.ST7735_SetTextColor) refers to st7735.o(.data) for StTextColor
    st7735.o(i.commandList) refers to st7735.o(i.writecommand) for writecommand
    st7735.o(i.commandList) refers to st7735.o(i.writedata) for writedata
    st7735.o(i.commandList) refers to st7735.o(i.Delay1ms) for Delay1ms
    st7735.o(i.commonInit) refers to st7735.o(i.Delay1ms) for Delay1ms
    st7735.o(i.commonInit) refers to st7735.o(i.commandList) for commandList
    st7735.o(i.commonInit) refers to st7735.o(.data) for RowStart
    st7735.o(i.fillmessage) refers to st7735.o(.bss) for Message
    st7735.o(i.fillmessage) refers to st7735.o(.data) for Messageindex
    st7735.o(i.fputc) refers to st7735.o(i.ST7735_OutChar) for ST7735_OutChar
    st7735.o(i.pushColor) refers to st7735.o(i.writedata) for writedata
    st7735.o(i.setAddrWindow) refers to st7735.o(i.writecommand) for writecommand
    st7735.o(i.setAddrWindow) refers to st7735.o(i.writedata) for writedata
    st7735.o(i.setAddrWindow) refers to st7735.o(.data) for ColStart
    main.o(i.CalculateJitter) refers to main.o(i.ResetScreen) for ResetScreen
    main.o(i.CalculateJitter) refers to st7735.o(i.ST7735_SetCursor) for ST7735_SetCursor
    main.o(i.CalculateJitter) refers to st7735.o(i.ST7735_DrawString) for ST7735_DrawString
    main.o(i.CalculateJitter) refers to st7735.o(i.ST7735_OutString) for ST7735_OutString
    main.o(i.CalculateJitter) refers to main.o(.bss) for timeStamps
    main.o(i.CalculateJitter) refers to main.o(.data) for jitter
    main.o(i.CalculatePMF) refers to main.o(i.CalculateXAxis) for CalculateXAxis
    main.o(i.CalculatePMF) refers to main.o(i.CalculateYAxis) for CalculateYAxis
    main.o(i.CalculateXAxis) refers to main.o(.bss) for adcValues
    main.o(i.CalculateXAxis) refers to main.o(.data) for pmfMinX
    main.o(i.CalculateYAxis) refers to main.o(.bss) for adcValues
    main.o(i.CalculateYAxis) refers to main.o(.data) for pmfMinY
    main.o(i.DrawPMF) refers to main.o(i.ResetScreen) for ResetScreen
    main.o(i.DrawPMF) refers to st7735.o(i.ST7735_PlotBar) for ST7735_PlotBar
    main.o(i.DrawPMF) refers to main.o(.data) for pmfMinX
    main.o(i.DrawPMF) refers to main.o(.bss) for adcValues
    main.o(i.Pause) refers to main.o(i.DelayWait10ms) for DelayWait10ms
    main.o(i.ResetScreen) refers to st7735.o(i.ST7735_InitR) for ST7735_InitR
    main.o(i.ResetScreen) refers to st7735.o(i.ST7735_FillScreen) for ST7735_FillScreen
    main.o(i.ResetScreen) refers to st7735.o(i.ST7735_SetCursor) for ST7735_SetCursor
    main.o(i.Timer0A_Handler) refers to adcswtrigger.o(i.ADC0_InSeq3) for ADC0_InSeq3
    main.o(i.Timer0A_Handler) refers to main.o(.data) for ADCvalue
    main.o(i.Timer0A_Handler) refers to main.o(.bss) for timeStamps
    main.o(i.Timer0A_Init100HzInt) refers to startup.o(.text) for DisableInterrupts
    main.o(i.main) refers to pll.o(i.PLL_Init) for PLL_Init
    main.o(i.main) refers to adcswtrigger.o(i.ADC0_InitSWTriggerSeq3_Ch9) for ADC0_InitSWTriggerSeq3_Ch9
    main.o(i.main) refers to main.o(i.Timer0A_Init100HzInt) for Timer0A_Init100HzInt
    main.o(i.main) refers to main.o(i.PortF_Init) for PortF_Init
    main.o(i.main) refers to timer1.o(i.Timer1_Init) for Timer1_Init
    main.o(i.main) refers to startup.o(.text) for EnableInterrupts
    main.o(i.main) refers to main.o(i.CalculateJitter) for CalculateJitter
    main.o(i.main) refers to main.o(i.Pause) for Pause
    main.o(i.main) refers to main.o(.data) for currIndex
    entry.o(.ARM.Collect$$$$00000000) refers (Special) to entry10a.o(.ARM.Collect$$$$0000000D) for __rt_final_cpp
    entry.o(.ARM.Collect$$$$00000000) refers (Special) to entry11a.o(.ARM.Collect$$$$0000000F) for __rt_final_exit
    entry.o(.ARM.Collect$$$$00000000) refers (Special) to entry7b.o(.ARM.Collect$$$$00000008) for _main_clock
    entry.o(.ARM.Collect$$$$00000000) refers (Special) to entry8b.o(.ARM.Collect$$$$0000000A) for _main_cpp_init
    entry.o(.ARM.Collect$$$$00000000) refers (Special) to entry9a.o(.ARM.Collect$$$$0000000B) for _main_init
    entry.o(.ARM.Collect$$$$00000000) refers (Special) to entry5.o(.ARM.Collect$$$$00000004) for _main_scatterload
    entry.o(.ARM.Collect$$$$00000000) refers (Special) to entry2.o(.ARM.Collect$$$$00000001) for _main_stk
    entry2.o(.ARM.Collect$$$$00000001) refers to entry2.o(.ARM.Collect$$$$00002712) for __lit__00000000
    entry2.o(.ARM.Collect$$$$00002712) refers to startup.o(STACK) for __initial_sp
    entry2.o(__vectab_stack_and_reset_area) refers to startup.o(STACK) for __initial_sp
    entry2.o(__vectab_stack_and_reset_area) refers to entry.o(.ARM.Collect$$$$00000000) for __main
    entry5.o(.ARM.Collect$$$$00000004) refers to init.o(.text) for __scatterload
    entry9a.o(.ARM.Collect$$$$0000000B) refers to main.o(i.main) for main
    entry9b.o(.ARM.Collect$$$$0000000C) refers to main.o(i.main) for main
    init.o(.text) refers to entry5.o(.ARM.Collect$$$$00000004) for __main_after_scatterload


==============================================================================

Removing Unused input sections from the image.

    Removing startup.o(HEAP), (0 bytes).
    Removing st7735.o(i.Output_Clear), (10 bytes).
    Removing st7735.o(i.Output_Color), (12 bytes).
    Removing st7735.o(i.Output_Init), (16 bytes).
    Removing st7735.o(i.Output_Off), (8 bytes).
    Removing st7735.o(i.Output_On), (8 bytes).
    Removing st7735.o(i.ST7735_Color565), (24 bytes).
    Removing st7735.o(i.ST7735_DrawBitmap), (288 bytes).
    Removing st7735.o(i.ST7735_DrawChar), (268 bytes).
    Removing st7735.o(i.ST7735_DrawFastHLine), (124 bytes).
    Removing st7735.o(i.ST7735_DrawFastVLine), (124 bytes).
    Removing st7735.o(i.ST7735_InitB), (40 bytes).
    Removing st7735.o(i.ST7735_InvertDisplay), (22 bytes).
    Removing st7735.o(i.ST7735_OutUDec), (140 bytes).
    Removing st7735.o(i.ST7735_PlotBar), (88 bytes).
    Removing st7735.o(i.ST7735_PlotClear), (92 bytes).
    Removing st7735.o(i.ST7735_PlotLine), (264 bytes).
    Removing st7735.o(i.ST7735_PlotNext), (32 bytes).
    Removing st7735.o(i.ST7735_PlotNextErase), (64 bytes).
    Removing st7735.o(i.ST7735_PlotPoint), (152 bytes).
    Removing st7735.o(i.ST7735_PlotPoints), (172 bytes).
    Removing st7735.o(i.ST7735_PlotdBfs), (60 bytes).
    Removing st7735.o(i.ST7735_SetRotation), (212 bytes).
    Removing st7735.o(i.ST7735_SetTextColor), (12 bytes).
    Removing st7735.o(i.ST7735_SwapColor), (18 bytes).
    Removing st7735.o(i.ferror), (8 bytes).
    Removing st7735.o(i.fgetc), (6 bytes).
    Removing st7735.o(i.fillmessage), (72 bytes).
    Removing st7735.o(i.fputc), (16 bytes).
    Removing st7735.o(.bss), (12 bytes).
    Removing timer1.o(.data), (4 bytes).
    Removing main.o(i.CalculatePMF), (12 bytes).
    Removing main.o(i.CalculateXAxis), (92 bytes).
    Removing main.o(i.CalculateYAxis), (132 bytes).
    Removing main.o(i.DrawPMF), (64 bytes).

35 unused section(s) (total 2668 bytes) removed from the image.

==============================================================================

Image Symbol Table

    Local Symbols

    Symbol Name                              Value     Ov Type        Size  Object(Section)

    RESET                                    0x00000000   Section      644  startup.o(RESET)
    ../clib/microlib/init/entry.s            0x00000000   Number         0  entry11b.o ABSOLUTE
    ../clib/microlib/init/entry.s            0x00000000   Number         0  entry2.o ABSOLUTE
    ../clib/microlib/init/entry.s            0x00000000   Number         0  entry8a.o ABSOLUTE
    ../clib/microlib/init/entry.s            0x00000000   Number         0  entry8b.o ABSOLUTE
    ../clib/microlib/init/entry.s            0x00000000   Number         0  entry9a.o ABSOLUTE
    ../clib/microlib/init/entry.s            0x00000000   Number         0  entry9b.o ABSOLUTE
    ../clib/microlib/init/entry.s            0x00000000   Number         0  entry10a.o ABSOLUTE
    ../clib/microlib/init/entry.s            0x00000000   Number         0  entry.o ABSOLUTE
    ../clib/microlib/init/entry.s            0x00000000   Number         0  entry10b.o ABSOLUTE
    ../clib/microlib/init/entry.s            0x00000000   Number         0  entry11a.o ABSOLUTE
    ../clib/microlib/init/entry.s            0x00000000   Number         0  entry7b.o ABSOLUTE
    ../clib/microlib/init/entry.s            0x00000000   Number         0  entry7a.o ABSOLUTE
    ../clib/microlib/init/entry.s            0x00000000   Number         0  entry5.o ABSOLUTE
    ADCSWTrigger.c                           0x00000000   Number         0  adcswtrigger.o ABSOLUTE
    PLL.c                                    0x00000000   Number         0  pll.o ABSOLUTE
    ST7735.c                                 0x00000000   Number         0  st7735.o ABSOLUTE
    Timer1.c                                 0x00000000   Number         0  timer1.o ABSOLUTE
    dc.s                                     0x00000000   Number         0  dc.o ABSOLUTE
    handlers.s                               0x00000000   Number         0  handlers.o ABSOLUTE
    init.s                                   0x00000000   Number         0  init.o ABSOLUTE
    main.c                                   0x00000000   Number         0  main.o ABSOLUTE
    startup.s                                0x00000000   Number         0  startup.o ABSOLUTE
    .ARM.Collect$$$$00000000                 0x00000284   Section        0  entry.o(.ARM.Collect$$$$00000000)
    .ARM.Collect$$$$00000001                 0x00000284   Section        4  entry2.o(.ARM.Collect$$$$00000001)
    .ARM.Collect$$$$00000004                 0x00000288   Section        4  entry5.o(.ARM.Collect$$$$00000004)
    .ARM.Collect$$$$00000008                 0x0000028c   Section        0  entry7b.o(.ARM.Collect$$$$00000008)
    .ARM.Collect$$$$0000000A                 0x0000028c   Section        0  entry8b.o(.ARM.Collect$$$$0000000A)
    .ARM.Collect$$$$0000000B                 0x0000028c   Section        8  entry9a.o(.ARM.Collect$$$$0000000B)
    .ARM.Collect$$$$0000000D                 0x00000294   Section        0  entry10a.o(.ARM.Collect$$$$0000000D)
    .ARM.Collect$$$$0000000F                 0x00000294   Section        0  entry11a.o(.ARM.Collect$$$$0000000F)
    .ARM.Collect$$$$00002712                 0x00000294   Section        4  entry2.o(.ARM.Collect$$$$00002712)
    __lit__00000000                          0x00000294   Data           4  entry2.o(.ARM.Collect$$$$00002712)
    .text                                    0x00000298   Section       28  startup.o(.text)
    .text                                    0x000002b4   Section       36  init.o(.text)
    i.ADC0_InSeq3                            0x000002d8   Section        0  adcswtrigger.o(i.ADC0_InSeq3)
    i.ADC0_InitSWTriggerSeq3_Ch9             0x00000304   Section        0  adcswtrigger.o(i.ADC0_InitSWTriggerSeq3_Ch9)
    i.CalculateJitter                        0x000003f0   Section        0  main.o(i.CalculateJitter)
    i.Delay1ms                               0x00000508   Section        0  st7735.o(i.Delay1ms)
    i.DelayWait10ms                          0x00000528   Section        0  main.o(i.DelayWait10ms)
    i.PLL_Init                               0x00000548   Section        0  pll.o(i.PLL_Init)
    i.Pause                                  0x000005c4   Section        0  main.o(i.Pause)
    i.PortF_Init                             0x000005ec   Section        0  main.o(i.PortF_Init)
    i.ResetScreen                            0x0000063c   Section        0  main.o(i.ResetScreen)
    i.ST7735_DrawCharS                       0x00000654   Section        0  st7735.o(i.ST7735_DrawCharS)
    i.ST7735_DrawPixel                       0x00000748   Section        0  st7735.o(i.ST7735_DrawPixel)
    i.ST7735_DrawString                      0x00000790   Section        0  st7735.o(i.ST7735_DrawString)
    i.ST7735_FillRect                        0x000007e8   Section        0  st7735.o(i.ST7735_FillRect)
    i.ST7735_FillScreen                      0x00000894   Section        0  st7735.o(i.ST7735_FillScreen)
    i.ST7735_InitR                           0x000008b8   Section        0  st7735.o(i.ST7735_InitR)
    i.ST7735_OutChar                         0x00000934   Section        0  st7735.o(i.ST7735_OutChar)
    i.ST7735_OutString                       0x00000a08   Section        0  st7735.o(i.ST7735_OutString)
    i.ST7735_SetCursor                       0x00000a20   Section        0  st7735.o(i.ST7735_SetCursor)
    i.Timer0A_Handler                        0x00000a40   Section        0  main.o(i.Timer0A_Handler)
    i.Timer0A_Init100HzInt                   0x00000ac0   Section        0  main.o(i.Timer0A_Init100HzInt)
    i.Timer1A_Handler                        0x00000b38   Section        0  timer1.o(i.Timer1A_Handler)
    i.Timer1_Init                            0x00000b44   Section        0  timer1.o(i.Timer1_Init)
    i.__scatterload_copy                     0x00000b74   Section       14  handlers.o(i.__scatterload_copy)
    i.__scatterload_null                     0x00000b82   Section        2  handlers.o(i.__scatterload_null)
    i.__scatterload_zeroinit                 0x00000b84   Section       14  handlers.o(i.__scatterload_zeroinit)
    i.commandList                            0x00000b92   Section        0  st7735.o(i.commandList)
    commandList                              0x00000b93   Thumb Code    86  st7735.o(i.commandList)
    i.commonInit                             0x00000be8   Section        0  st7735.o(i.commonInit)
    commonInit                               0x00000be9   Thumb Code   340  st7735.o(i.commonInit)
    i.main                                   0x00000d6c   Section        0  main.o(i.main)
    i.pushColor                              0x00000dd8   Section        0  st7735.o(i.pushColor)
    pushColor                                0x00000dd9   Thumb Code    18  st7735.o(i.pushColor)
    i.setAddrWindow                          0x00000dec   Section        0  st7735.o(i.setAddrWindow)
    setAddrWindow                            0x00000ded   Thumb Code   106  st7735.o(i.setAddrWindow)
    i.writecommand                           0x00000e60   Section        0  st7735.o(i.writecommand)
    writecommand                             0x00000e61   Thumb Code    40  st7735.o(i.writecommand)
    i.writedata                              0x00000e90   Section        0  st7735.o(i.writedata)
    writedata                                0x00000e91   Thumb Code    24  st7735.o(i.writedata)
    .constdata                               0x00000eb0   Section     2018  st7735.o(.constdata)
    Font                                     0x00000eb0   Data        1275  st7735.o(.constdata)
    Bcmd                                     0x000013ab   Data         103  st7735.o(.constdata)
    Rcmd1                                    0x00001412   Data          59  st7735.o(.constdata)
    Rcmd2green                               0x0000144d   Data          13  st7735.o(.constdata)
    Rcmd2red                                 0x0000145a   Data          13  st7735.o(.constdata)
    Rcmd3                                    0x00001467   Data          43  st7735.o(.constdata)
    .data                                    0x20000000   Section       44  st7735.o(.data)
    _width                                   0x2000000a   Data           2  st7735.o(.data)
    _height                                  0x2000000c   Data           2  st7735.o(.data)
    ColStart                                 0x20000014   Data           1  st7735.o(.data)
    RowStart                                 0x20000015   Data           1  st7735.o(.data)
    Rotation                                 0x20000016   Data           1  st7735.o(.data)
    TabColor                                 0x20000017   Data           1  st7735.o(.data)
    .data                                    0x2000002c   Section       28  main.o(.data)
    .bss                                     0x20000048   Section    24384  main.o(.bss)
    STACK                                    0x20005f88   Section     1024  startup.o(STACK)
    StackMem                                 0x20005f88   Data           0  startup.o(STACK)

    Global Symbols

    Symbol Name                              Value     Ov Type        Size  Object(Section)

    BuildAttributes$$THM_ISAv4$E$P$D$K$B$S$7EM$PE$A:L22UL41UL21$X:L11$S22US41US21$IEEE1$IW$USESV6$~STKCKD$USESV7$~SHL$OSPACE$EBA8$MICROLIB$REQ8$PRES8$EABIv2 0x00000000   Number         0  anon$$obj.o ABSOLUTE
    __ARM_use_no_argv                        0x00000000   Number         0  main.o ABSOLUTE
    __Vectors                                0x00000000   Data           0  startup.o(RESET)
    __cpp_initialize__aeabi_                  - Undefined Weak Reference
    __cxa_finalize                            - Undefined Weak Reference
    __decompress                              - Undefined Weak Reference
    _clock_init                               - Undefined Weak Reference
    _microlib_exit                            - Undefined Weak Reference
    Reset_Handler                            0x0000026d   Thumb Code     0  startup.o(RESET)
    NMI_Handler                              0x00000271   Thumb Code     2  startup.o(RESET)
    HardFault_Handler                        0x00000273   Thumb Code     2  startup.o(RESET)
    MemManage_Handler                        0x00000275   Thumb Code     2  startup.o(RESET)
    BusFault_Handler                         0x00000277   Thumb Code     2  startup.o(RESET)
    UsageFault_Handler                       0x00000279   Thumb Code     2  startup.o(RESET)
    SVC_Handler                              0x0000027b   Thumb Code     2  startup.o(RESET)
    DebugMon_Handler                         0x0000027d   Thumb Code     2  startup.o(RESET)
    PendSV_Handler                           0x0000027f   Thumb Code     2  startup.o(RESET)
    SysTick_Handler                          0x00000281   Thumb Code     2  startup.o(RESET)
    ADC0Seq0_Handler                         0x00000283   Thumb Code     0  startup.o(RESET)
    ADC0Seq1_Handler                         0x00000283   Thumb Code     0  startup.o(RESET)
    ADC0Seq2_Handler                         0x00000283   Thumb Code     0  startup.o(RESET)
    ADC0Seq3_Handler                         0x00000283   Thumb Code     0  startup.o(RESET)
    ADC1Seq0_Handler                         0x00000283   Thumb Code     0  startup.o(RESET)
    ADC1Seq1_Handler                         0x00000283   Thumb Code     0  startup.o(RESET)
    ADC1Seq2_Handler                         0x00000283   Thumb Code     0  startup.o(RESET)
    ADC1Seq3_Handler                         0x00000283   Thumb Code     0  startup.o(RESET)
    CAN0_Handler                             0x00000283   Thumb Code     0  startup.o(RESET)
    CAN1_Handler                             0x00000283   Thumb Code     0  startup.o(RESET)
    CAN2_Handler                             0x00000283   Thumb Code     0  startup.o(RESET)
    Comp0_Handler                            0x00000283   Thumb Code     0  startup.o(RESET)
    Comp1_Handler                            0x00000283   Thumb Code     0  startup.o(RESET)
    Comp2_Handler                            0x00000283   Thumb Code     0  startup.o(RESET)
    Ethernet_Handler                         0x00000283   Thumb Code     0  startup.o(RESET)
    ExtBus_Handler                           0x00000283   Thumb Code     0  startup.o(RESET)
    FPU_Handler                              0x00000283   Thumb Code     0  startup.o(RESET)
    Fan0_Handler                             0x00000283   Thumb Code     0  startup.o(RESET)
    FlashCtl_Handler                         0x00000283   Thumb Code     0  startup.o(RESET)
    GPIOPortA_Handler                        0x00000283   Thumb Code     0  startup.o(RESET)
    GPIOPortB_Handler                        0x00000283   Thumb Code     0  startup.o(RESET)
    GPIOPortC_Handler                        0x00000283   Thumb Code     0  startup.o(RESET)
    GPIOPortD_Handler                        0x00000283   Thumb Code     0  startup.o(RESET)
    GPIOPortE_Handler                        0x00000283   Thumb Code     0  startup.o(RESET)
    GPIOPortF_Handler                        0x00000283   Thumb Code     0  startup.o(RESET)
    GPIOPortG_Handler                        0x00000283   Thumb Code     0  startup.o(RESET)
    GPIOPortH_Handler                        0x00000283   Thumb Code     0  startup.o(RESET)
    GPIOPortJ_Handler                        0x00000283   Thumb Code     0  startup.o(RESET)
    GPIOPortK_Handler                        0x00000283   Thumb Code     0  startup.o(RESET)
    GPIOPortL_Handler                        0x00000283   Thumb Code     0  startup.o(RESET)
    GPIOPortM_Handler                        0x00000283   Thumb Code     0  startup.o(RESET)
    GPIOPortN_Handler                        0x00000283   Thumb Code     0  startup.o(RESET)
    GPIOPortP1_Handler                       0x00000283   Thumb Code     0  startup.o(RESET)
    GPIOPortP2_Handler                       0x00000283   Thumb Code     0  startup.o(RESET)
    GPIOPortP3_Handler                       0x00000283   Thumb Code     0  startup.o(RESET)
    GPIOPortP4_Handler                       0x00000283   Thumb Code     0  startup.o(RESET)
    GPIOPortP5_Handler                       0x00000283   Thumb Code     0  startup.o(RESET)
    GPIOPortP6_Handler                       0x00000283   Thumb Code     0  startup.o(RESET)
    GPIOPortP7_Handler                       0x00000283   Thumb Code     0  startup.o(RESET)
    GPIOPortP_Handler                        0x00000283   Thumb Code     0  startup.o(RESET)
    GPIOPortQ1_Handler                       0x00000283   Thumb Code     0  startup.o(RESET)
    GPIOPortQ2_Handler                       0x00000283   Thumb Code     0  startup.o(RESET)
    GPIOPortQ3_Handler                       0x00000283   Thumb Code     0  startup.o(RESET)
    GPIOPortQ4_Handler                       0x00000283   Thumb Code     0  startup.o(RESET)
    GPIOPortQ5_Handler                       0x00000283   Thumb Code     0  startup.o(RESET)
    GPIOPortQ6_Handler                       0x00000283   Thumb Code     0  startup.o(RESET)
    GPIOPortQ7_Handler                       0x00000283   Thumb Code     0  startup.o(RESET)
    GPIOPortQ_Handler                        0x00000283   Thumb Code     0  startup.o(RESET)
    GPIOPortR_Handler                        0x00000283   Thumb Code     0  startup.o(RESET)
    GPIOPortS_Handler                        0x00000283   Thumb Code     0  startup.o(RESET)
    Hibernate_Handler                        0x00000283   Thumb Code     0  startup.o(RESET)
    I2C0_Handler                             0x00000283   Thumb Code     0  startup.o(RESET)
    I2C1_Handler                             0x00000283   Thumb Code     0  startup.o(RESET)
    I2C2_Handler                             0x00000283   Thumb Code     0  startup.o(RESET)
    I2C3_Handler                             0x00000283   Thumb Code     0  startup.o(RESET)
    I2C4_Handler                             0x00000283   Thumb Code     0  startup.o(RESET)
    I2C5_Handler                             0x00000283   Thumb Code     0  startup.o(RESET)
    I2S0_Handler                             0x00000283   Thumb Code     0  startup.o(RESET)
    LPC0_Handler                             0x00000283   Thumb Code     0  startup.o(RESET)
    PECI0_Handler                            0x00000283   Thumb Code     0  startup.o(RESET)
    PWM0Fault_Handler                        0x00000283   Thumb Code     0  startup.o(RESET)
    PWM0Generator0_Handler                   0x00000283   Thumb Code     0  startup.o(RESET)
    PWM0Generator1_Handler                   0x00000283   Thumb Code     0  startup.o(RESET)
    PWM0Generator2_Handler                   0x00000283   Thumb Code     0  startup.o(RESET)
    PWM0Generator3_Handler                   0x00000283   Thumb Code     0  startup.o(RESET)
    PWM1Fault_Handler                        0x00000283   Thumb Code     0  startup.o(RESET)
    PWM1Generator0_Handler                   0x00000283   Thumb Code     0  startup.o(RESET)
    PWM1Generator1_Handler                   0x00000283   Thumb Code     0  startup.o(RESET)
    PWM1Generator2_Handler                   0x00000283   Thumb Code     0  startup.o(RESET)
    PWM1Generator3_Handler                   0x00000283   Thumb Code     0  startup.o(RESET)
    Quadrature0_Handler                      0x00000283   Thumb Code     0  startup.o(RESET)
    Quadrature1_Handler                      0x00000283   Thumb Code     0  startup.o(RESET)
    Quadrature2_Handler                      0x00000283   Thumb Code     0  startup.o(RESET)
    SSI0_Handler                             0x00000283   Thumb Code     0  startup.o(RESET)
    SSI1_Handler                             0x00000283   Thumb Code     0  startup.o(RESET)
    SSI2_Handler                             0x00000283   Thumb Code     0  startup.o(RESET)
    SSI3_Handler                             0x00000283   Thumb Code     0  startup.o(RESET)
    SysCtl_Handler                           0x00000283   Thumb Code     0  startup.o(RESET)
    Timer0B_Handler                          0x00000283   Thumb Code     0  startup.o(RESET)
    Timer1B_Handler                          0x00000283   Thumb Code     0  startup.o(RESET)
    Timer2A_Handler                          0x00000283   Thumb Code     0  startup.o(RESET)
    Timer2B_Handler                          0x00000283   Thumb Code     0  startup.o(RESET)
    Timer3A_Handler                          0x00000283   Thumb Code     0  startup.o(RESET)
    Timer3B_Handler                          0x00000283   Thumb Code     0  startup.o(RESET)
    Timer4A_Handler                          0x00000283   Thumb Code     0  startup.o(RESET)
    Timer4B_Handler                          0x00000283   Thumb Code     0  startup.o(RESET)
    Timer5A_Handler                          0x00000283   Thumb Code     0  startup.o(RESET)
    Timer5B_Handler                          0x00000283   Thumb Code     0  startup.o(RESET)
    UART0_Handler                            0x00000283   Thumb Code     0  startup.o(RESET)
    UART1_Handler                            0x00000283   Thumb Code     0  startup.o(RESET)
    UART2_Handler                            0x00000283   Thumb Code     0  startup.o(RESET)
    UART3_Handler                            0x00000283   Thumb Code     0  startup.o(RESET)
    UART4_Handler                            0x00000283   Thumb Code     0  startup.o(RESET)
    UART5_Handler                            0x00000283   Thumb Code     0  startup.o(RESET)
    UART6_Handler                            0x00000283   Thumb Code     0  startup.o(RESET)
    UART7_Handler                            0x00000283   Thumb Code     0  startup.o(RESET)
    USB0_Handler                             0x00000283   Thumb Code     0  startup.o(RESET)
    WDT_Handler                              0x00000283   Thumb Code     0  startup.o(RESET)
    WideTimer0A_Handler                      0x00000283   Thumb Code     0  startup.o(RESET)
    WideTimer0B_Handler                      0x00000283   Thumb Code     0  startup.o(RESET)
    WideTimer1A_Handler                      0x00000283   Thumb Code     0  startup.o(RESET)
    WideTimer1B_Handler                      0x00000283   Thumb Code     0  startup.o(RESET)
    WideTimer2A_Handler                      0x00000283   Thumb Code     0  startup.o(RESET)
    WideTimer2B_Handler                      0x00000283   Thumb Code     0  startup.o(RESET)
    WideTimer3A_Handler                      0x00000283   Thumb Code     0  startup.o(RESET)
    WideTimer3B_Handler                      0x00000283   Thumb Code     0  startup.o(RESET)
    WideTimer4A_Handler                      0x00000283   Thumb Code     0  startup.o(RESET)
    WideTimer4B_Handler                      0x00000283   Thumb Code     0  startup.o(RESET)
    WideTimer5A_Handler                      0x00000283   Thumb Code     0  startup.o(RESET)
    WideTimer5B_Handler                      0x00000283   Thumb Code     0  startup.o(RESET)
    uDMA_Error                               0x00000283   Thumb Code     0  startup.o(RESET)
    uDMA_Handler                             0x00000283   Thumb Code     0  startup.o(RESET)
    __main                                   0x00000285   Thumb Code     0  entry.o(.ARM.Collect$$$$00000000)
    _main_stk                                0x00000285   Thumb Code     0  entry2.o(.ARM.Collect$$$$00000001)
    _main_scatterload                        0x00000289   Thumb Code     0  entry5.o(.ARM.Collect$$$$00000004)
    __main_after_scatterload                 0x0000028d   Thumb Code     0  entry5.o(.ARM.Collect$$$$00000004)
    _main_clock                              0x0000028d   Thumb Code     0  entry7b.o(.ARM.Collect$$$$00000008)
    _main_cpp_init                           0x0000028d   Thumb Code     0  entry8b.o(.ARM.Collect$$$$0000000A)
    _main_init                               0x0000028d   Thumb Code     0  entry9a.o(.ARM.Collect$$$$0000000B)
    __rt_final_cpp                           0x00000295   Thumb Code     0  entry10a.o(.ARM.Collect$$$$0000000D)
    __rt_final_exit                          0x00000295   Thumb Code     0  entry11a.o(.ARM.Collect$$$$0000000F)
    DisableInterrupts                        0x00000299   Thumb Code     0  startup.o(.text)
    EnableInterrupts                         0x0000029d   Thumb Code     0  startup.o(.text)
    StartCritical                            0x000002a1   Thumb Code     0  startup.o(.text)
    EndCritical                              0x000002a9   Thumb Code     0  startup.o(.text)
    WaitForInterrupt                         0x000002af   Thumb Code     0  startup.o(.text)
    __scatterload                            0x000002b5   Thumb Code    28  init.o(.text)
    __scatterload_rt2                        0x000002b5   Thumb Code     0  init.o(.text)
    ADC0_InSeq3                              0x000002d9   Thumb Code    36  adcswtrigger.o(i.ADC0_InSeq3)
    ADC0_InitSWTriggerSeq3_Ch9               0x00000305   Thumb Code   206  adcswtrigger.o(i.ADC0_InitSWTriggerSeq3_Ch9)
    CalculateJitter                          0x000003f1   Thumb Code   244  main.o(i.CalculateJitter)
    Delay1ms                                 0x00000509   Thumb Code    32  st7735.o(i.Delay1ms)
    DelayWait10ms                            0x00000529   Thumb Code    32  main.o(i.DelayWait10ms)
    PLL_Init                                 0x00000549   Thumb Code   118  pll.o(i.PLL_Init)
    Pause                                    0x000005c5   Thumb Code    36  main.o(i.Pause)
    PortF_Init                               0x000005ed   Thumb Code    68  main.o(i.PortF_Init)
    ResetScreen                              0x0000063d   Thumb Code    24  main.o(i.ResetScreen)
    ST7735_DrawCharS                         0x00000655   Thumb Code   232  st7735.o(i.ST7735_DrawCharS)
    ST7735_DrawPixel                         0x00000749   Thumb Code    64  st7735.o(i.ST7735_DrawPixel)
    ST7735_DrawString                        0x00000791   Thumb Code    86  st7735.o(i.ST7735_DrawString)
    ST7735_FillRect                          0x000007e9   Thumb Code   164  st7735.o(i.ST7735_FillRect)
    ST7735_FillScreen                        0x00000895   Thumb Code    28  st7735.o(i.ST7735_FillScreen)
    ST7735_InitR                             0x000008b9   Thumb Code    90  st7735.o(i.ST7735_InitR)
    ST7735_OutChar                           0x00000935   Thumb Code   176  st7735.o(i.ST7735_OutChar)
    ST7735_OutString                         0x00000a09   Thumb Code    24  st7735.o(i.ST7735_OutString)
    ST7735_SetCursor                         0x00000a21   Thumb Code    22  st7735.o(i.ST7735_SetCursor)
    Timer0A_Handler                          0x00000a41   Thumb Code   100  main.o(i.Timer0A_Handler)
    Timer0A_Init100HzInt                     0x00000ac1   Thumb Code    98  main.o(i.Timer0A_Init100HzInt)
    Timer1A_Handler                          0x00000b39   Thumb Code     8  timer1.o(i.Timer1A_Handler)
    Timer1_Init                              0x00000b45   Thumb Code    40  timer1.o(i.Timer1_Init)
    __scatterload_copy                       0x00000b75   Thumb Code    14  handlers.o(i.__scatterload_copy)
    __scatterload_null                       0x00000b83   Thumb Code     2  handlers.o(i.__scatterload_null)
    __scatterload_zeroinit                   0x00000b85   Thumb Code    14  handlers.o(i.__scatterload_zeroinit)
    main                                     0x00000d6d   Thumb Code    86  main.o(i.main)
    dBfs                                     0x00001492   Data         512  st7735.o(.constdata)
    Region$$Table$$Base                      0x00001694   Number         0  anon$$obj.o(Region$$Table)
    Region$$Table$$Limit                     0x000016b4   Number         0  anon$$obj.o(Region$$Table)
    StX                                      0x20000000   Data           4  st7735.o(.data)
    StY                                      0x20000004   Data           4  st7735.o(.data)
    StTextColor                              0x20000008   Data           2  st7735.o(.data)
    lastj                                    0x20000010   Data           4  st7735.o(.data)
    Messageindex                             0x20000018   Data           4  st7735.o(.data)
    Ymax                                     0x2000001c   Data           4  st7735.o(.data)
    Ymin                                     0x20000020   Data           4  st7735.o(.data)
    X                                        0x20000024   Data           4  st7735.o(.data)
    Yrange                                   0x20000028   Data           4  st7735.o(.data)
    currIndex                                0x2000002c   Data           4  main.o(.data)
    jitter                                   0x20000030   Data           4  main.o(.data)
    pmfMinX                                  0x20000034   Data           4  main.o(.data)
    pmfMaxX                                  0x20000038   Data           4  main.o(.data)
    pmfMinY                                  0x2000003c   Data           4  main.o(.data)
    pmfMaxY                                  0x20000040   Data           4  main.o(.data)
    ADCvalue                                 0x20000044   Data           4  main.o(.data)
    timeStamps                               0x20000048   Data        4000  main.o(.bss)
    adcValues                                0x20000fe8   Data        4000  main.o(.bss)
    pmf                                      0x20001f88   Data       16384  main.o(.bss)
    __initial_sp                             0x20006388   Data           0  startup.o(STACK)



==============================================================================

Memory Map of the image

  Image Entry point : 0x0000026d

  Load Region LR_1 (Base: 0x00000000, Size: 0x000016fc, Max: 0xffffffff, ABSOLUTE)

    Execution Region ER_RO (Base: 0x00000000, Size: 0x000016b4, Max: 0xffffffff, ABSOLUTE)

    Base Addr    Size         Type   Attr      Idx    E Section Name        Object

    0x00000000   0x00000284   Code   RO            3  * RESET               startup.o
    0x00000284   0x00000000   Code   RO          434  * .ARM.Collect$$$$00000000  mc_w.l(entry.o)
    0x00000284   0x00000004   Code   RO          437    .ARM.Collect$$$$00000001  mc_w.l(entry2.o)
    0x00000288   0x00000004   Code   RO          440    .ARM.Collect$$$$00000004  mc_w.l(entry5.o)
    0x0000028c   0x00000000   Code   RO          442    .ARM.Collect$$$$00000008  mc_w.l(entry7b.o)
    0x0000028c   0x00000000   Code   RO          444    .ARM.Collect$$$$0000000A  mc_w.l(entry8b.o)
    0x0000028c   0x00000008   Code   RO          445    .ARM.Collect$$$$0000000B  mc_w.l(entry9a.o)
    0x00000294   0x00000000   Code   RO          447    .ARM.Collect$$$$0000000D  mc_w.l(entry10a.o)
    0x00000294   0x00000000   Code   RO          449    .ARM.Collect$$$$0000000F  mc_w.l(entry11a.o)
    0x00000294   0x00000004   Code   RO          438    .ARM.Collect$$$$00002712  mc_w.l(entry2.o)
    0x00000298   0x0000001c   Code   RO            4    .text               startup.o
    0x000002b4   0x00000024   Code   RO          451    .text               mc_w.l(init.o)
    0x000002d8   0x0000002c   Code   RO           12    i.ADC0_InSeq3       adcswtrigger.o
    0x00000304   0x000000ec   Code   RO           13    i.ADC0_InitSWTriggerSeq3_Ch9  adcswtrigger.o
    0x000003f0   0x00000118   Code   RO          349    i.CalculateJitter   main.o
    0x00000508   0x00000020   Code   RO           52    i.Delay1ms          st7735.o
    0x00000528   0x00000020   Code   RO          353    i.DelayWait10ms     main.o
    0x00000548   0x0000007c   Code   RO           37    i.PLL_Init          pll.o
    0x000005c4   0x00000028   Code   RO          355    i.Pause             main.o
    0x000005ec   0x00000050   Code   RO          356    i.PortF_Init        main.o
    0x0000063c   0x00000018   Code   RO          357    i.ResetScreen       main.o
    0x00000654   0x000000f4   Code   RO           61    i.ST7735_DrawCharS  st7735.o
    0x00000748   0x00000048   Code   RO           64    i.ST7735_DrawPixel  st7735.o
    0x00000790   0x00000056   Code   RO           65    i.ST7735_DrawString  st7735.o
    0x000007e6   0x00000002   PAD
    0x000007e8   0x000000ac   Code   RO           66    i.ST7735_FillRect   st7735.o
    0x00000894   0x00000024   Code   RO           67    i.ST7735_FillScreen  st7735.o
    0x000008b8   0x0000007c   Code   RO           69    i.ST7735_InitR      st7735.o
    0x00000934   0x000000d4   Code   RO           71    i.ST7735_OutChar    st7735.o
    0x00000a08   0x00000018   Code   RO           72    i.ST7735_OutString  st7735.o
    0x00000a20   0x00000020   Code   RO           82    i.ST7735_SetCursor  st7735.o
    0x00000a40   0x00000080   Code   RO          358    i.Timer0A_Handler   main.o
    0x00000ac0   0x00000078   Code   RO          359    i.Timer0A_Init100HzInt  main.o
    0x00000b38   0x0000000c   Code   RO          328    i.Timer1A_Handler   timer1.o
    0x00000b44   0x00000030   Code   RO          329    i.Timer1_Init       timer1.o
    0x00000b74   0x0000000e   Code   RO          455    i.__scatterload_copy  mc_w.l(handlers.o)
    0x00000b82   0x00000002   Code   RO          456    i.__scatterload_null  mc_w.l(handlers.o)
    0x00000b84   0x0000000e   Code   RO          457    i.__scatterload_zeroinit  mc_w.l(handlers.o)
    0x00000b92   0x00000056   Code   RO           86    i.commandList       st7735.o
    0x00000be8   0x00000184   Code   RO           87    i.commonInit        st7735.o
    0x00000d6c   0x0000006c   Code   RO          360    i.main              main.o
    0x00000dd8   0x00000012   Code   RO           92    i.pushColor         st7735.o
    0x00000dea   0x00000002   PAD
    0x00000dec   0x00000074   Code   RO           93    i.setAddrWindow     st7735.o
    0x00000e60   0x00000030   Code   RO           94    i.writecommand      st7735.o
    0x00000e90   0x00000020   Code   RO           95    i.writedata         st7735.o
    0x00000eb0   0x000007e2   Data   RO           97    .constdata          st7735.o
    0x00001692   0x00000002   PAD
    0x00001694   0x00000020   Data   RO          453    Region$$Table       anon$$obj.o


    Execution Region ER_RW (Base: 0x20000000, Size: 0x00000048, Max: 0xffffffff, ABSOLUTE)

    Base Addr    Size         Type   Attr      Idx    E Section Name        Object

    0x20000000   0x0000002c   Data   RW           98    .data               st7735.o
    0x2000002c   0x0000001c   Data   RW          362    .data               main.o


    Execution Region ER_ZI (Base: 0x20000048, Size: 0x00006340, Max: 0xffffffff, ABSOLUTE)

    Base Addr    Size         Type   Attr      Idx    E Section Name        Object

    0x20000048   0x00005f40   Zero   RW          361    .bss                main.o
    0x20005f88   0x00000400   Zero   RW            1    STACK               startup.o


==============================================================================

Image component sizes


      Code (inc. data)   RO Data    RW Data    ZI Data      Debug   Object Name

       280         38          0          0          0       5167   adcswtrigger.o
       812        124          0         28      24384       4974   main.o
       124          6          0          0          0        455   pll.o
      1722        190       2018         44          0      12934   st7735.o
       672        622          0          0       1024        972   startup.o
        60         12          0          0          0        812   timer1.o

    ----------------------------------------------------------------------
      3674        992       2052         72      25408      25314   Object Totals
         0          0         32          0          0          0   (incl. Generated)
         4          0          2          0          0          0   (incl. Padding)

    ----------------------------------------------------------------------

      Code (inc. data)   RO Data    RW Data    ZI Data      Debug   Library Member Name

         0          0          0          0          0          0   entry.o
         0          0          0          0          0          0   entry10a.o
         0          0          0          0          0          0   entry11a.o
         8          4          0          0          0          0   entry2.o
         4          0          0          0          0          0   entry5.o
         0          0          0          0          0          0   entry7b.o
         0          0          0          0          0          0   entry8b.o
         8          4          0          0          0          0   entry9a.o
        30          0          0          0          0          0   handlers.o
        36          8          0          0          0         68   init.o

    ----------------------------------------------------------------------
        86         16          0          0          0         68   Library Totals
         0          0          0          0          0          0   (incl. Padding)

    ----------------------------------------------------------------------

      Code (inc. data)   RO Data    RW Data    ZI Data      Debug   Library Name

        86         16          0          0          0         68   mc_w.l

    ----------------------------------------------------------------------
        86         16          0          0          0         68   Library Totals

    ----------------------------------------------------------------------

==============================================================================


      Code (inc. data)   RO Data    RW Data    ZI Data      Debug   

      3760       1008       2052         72      25408      24030   Grand Totals
      3760       1008       2052         72      25408      24030   ELF Image Totals
      3760       1008       2052         72          0          0   ROM Totals

==============================================================================

    Total RO  Size (Code + RO Data)                 5812 (   5.68kB)
    Total RW  Size (RW Data + ZI Data)             25480 (  24.88kB)
    Total ROM Size (Code + RO Data + RW Data)       5884 (   5.75kB)

==============================================================================

