<html>
<body>
<pre>
<h1>µVision Build Log</h1>
<h2>Project:</h2>
C:\Users\Tarang\Documents\EE 445L\Lab4_FINAL_WORKS\Lab4\CC3100GetWeather_4C123\getWeather.uvproj
Project File Date:  09/29/2017

<h2>Output:</h2>
Rebuild target 'getWeather'
compiling main.c...
main.c(424): warning:  #177-D: variable "ASize" was declared but never referenced
        INT32 ASize = 0; 
main.c: 1 warning, 0 errors
compiling board.c...
compiling Nokia5110.c...
compiling LED.c...
compiling device.c...
compiling driver.c...
compiling flowcont.c...
compiling fs.c...
compiling netapp.c...
compiling netcfg.c...
compiling nonos.c...
compiling socket.c...
compiling spawn.c...
compiling spi.c...
assembling startup_rvmdk.S...
compiling uart.c...
compiling wlan.c...
compiling uartstdio.c...
compiling ustdlib.c...
compiling ADCSWTrigger.c...
compiling ST7735.c...
ST7735.c(1646): warning:  #1035-D: single-precision operand implicitly converted to double-precision
        float slope = 1.0 * ((float)y2 - (float)y1) / ((float)x2 - (float)x1);
ST7735.c(1647): warning:  #1035-D: single-precision operand implicitly converted to double-precision
        float intercept = (float)y1 - 1.0 * (slope * (float)x1);
ST7735.c(1666): warning:  #1035-D: single-precision operand implicitly converted to double-precision
                                temp = 1.0 * (slope * (float)i) + intercept;
ST7735.c(1675): warning:  #1035-D: single-precision operand implicitly converted to double-precision
                                temp = 1.0 * (slope * (float)i) + intercept;
ST7735.c(1689): warning:  #1035-D: single-precision operand implicitly converted to double-precision
                                temp = 1.0 * ((float)j - intercept) / slope;
ST7735.c(1701): warning:  #1035-D: single-precision operand implicitly converted to double-precision
                                temp = 1.0 * ((float)j - intercept) / slope;
ST7735.c: 6 warnings, 0 errors
compiling PLL.c...
linking...
Program Size: Code=18992 RO-data=4000 RW-data=152 ZI-data=19648  
After Build - User command #1: fromelf --bin --output .\rvmdk\cc31000_starter.bin .\rvmdk\cc31000_starter.axf
".\rvmdk\getWeather.axf" - 0 Error(s), 7 Warning(s).
Load "C:\\Users\\Tarang\\Documents\\EE 445L\\Lab4_FINAL_WORKS\\Lab4\\CC3100GetWeather_4C123\\rvmdk\\getWeather.axf" 
Connecting: Mode=JTAG, Speed=1000000Hz
Erase Done.
Programming Done.
Verify OK.
</pre>
</body>
</html>
