<html>
<body>
<pre>
<h1>µVision Build Log</h1>
<h2>Project:</h2>
C:\Users\Tarang Khandpur\Documents\UT Fall 2017\EE 445L\Labs\Lab_3\Lab_3-ks38728_tk8435\Lab3_Clock.uvproj
Project File Date:  09/18/2017

<h2>Output:</h2>
Rebuild target 'ADCSWTrigger'
assembling startup.s...
compiling ADCSWTrigger.c...
compiling PLL.c...
compiling ST7735.c...
compiling Timer1.c...
compiling main.c...
compiling Timer2.c...
compiling Title.c...
linking...
Program Size: Code=7904 RO-data=2344 RW-data=100 ZI-data=25412  
".\ADCSWTrigger.axf" - 0 Error(s), 0 Warning(s).
