<html>
<body>
<pre>
<h1>µVision Build Log</h1>
<h2>Project:</h2>
C:\Users\Tarang Khandpur\Documents\UT Fall 2017\EE 445L\Labs\Lab_3\Lab_3-ks38728_tk8435\Lab3_Clock.uvproj
Project File Date:  09/21/2017

<h2>Output:</h2>
Rebuild target 'ADCSWTrigger'
assembling startup.s...
compiling ADCSWTrigger.c...
compiling PLL.c...
compiling ST7735.c...
compiling main.c...
Speaker.h(1): warning:  #1-D: last line of file ends without a newline
  void PortD_Init(void);
Timer.h(23): warning:  #1-D: last line of file ends without a newline
  void Timer1A_Handler(void);
main.c: 2 warnings, 0 errors
compiling Title.c...
compiling Timer.c...
compiling Speaker.c...
compiling LCD.c...
compiling Switches.c...
Switches.c(46): warning:  #177-D: function "Timer0Arm" was declared but never referenced
  static void Timer0Arm(void){
Switches.c: 1 warning, 0 errors
linking...
Program Size: Code=3028 RO-data=2052 RW-data=44 ZI-data=1028  
".\ADCSWTrigger.axf" - 0 Error(s), 3 Warning(s).
Load "C:\\Users\\Tarang Khandpur\\Documents\\UT Fall 2017\\EE 445L\\Labs\\Lab_3\\Lab_3-ks38728_tk8435\\ADCSWTrigger.axf" 
Connecting: Mode=JTAG, Speed=1000000Hz
Erase Done.
Programming Done.
Verify OK.
</pre>
</body>
</html>
