<html>
<body>
<pre>
<h1>µVision Build Log</h1>
<h2>Project:</h2>
C:\Users\Tarang Khandpur\Documents\UT Fall 2017\EE 445L\Labs\Lab_1\Lab_1-ks38728_tk8435\ST7735.uvproj
Project File Date:  09/10/2017

<h2>Output:</h2>
Rebuild target 'ST7735'
assembling startup.s...
compiling PLL.c...
compiling ST7735.c...
compiling ST7735TestMain.c...
compiling fixed.c...
compiling main.c...
linking...
Program Size: Code=4612 RO-data=17124 RW-data=92 ZI-data=1124  
".\ST7735.axf" - 0 Error(s), 0 Warning(s).
Load "C:\\Users\\Tarang Khandpur\\Documents\\UT Fall 2017\\EE 445L\\Labs\\Lab_1\\Lab_1-ks38728_tk8435\\ST7735.axf" 
Connecting: Mode=SWD, Speed=1000000Hz
Erase Done.
Programming Done.
Verify OK.
</pre>
</body>
</html>
